<html>
<body>
<pre>
<h1>礦ision Build Log</h1>
<h2>Tool Versions:</h2>
IDE-Version: μVision V5.14.0.0
Copyright (C) 2015 ARM Ltd and ARM Germany GmbH. All rights reserved.
License Information: Bacu Fang, Hewlett-Packard, LIC=8MZ74-F2QH8-59RGZ-J6JZW-N30TA-21MD0
 
Tool Versions:
Toolchain:       MDK-ARM Professional  Version: 5.14.0.0
Toolchain Path:  G:\MDK\ARM\ARMCC\Bin
C Compiler:      Armcc.exe V5.05 update 1 (build 106)
Assembler:       Armasm.exe V5.05 update 1 (build 106)
Linker/Locator:  ArmLink.exe V5.05 update 1 (build 106)
Library Manager: ArmAr.exe V5.05 update 1 (build 106)
Hex Converter:   FromElf.exe V5.05 update 1 (build 106)
CPU DLL:         SARMCM3.DLL V5.14.0.0
Dialog DLL:      DCM.DLL V1.13.1.0
Target DLL:      STLink\ST-LINKIII-KEIL_SWO.dll V2.0.14.0_KEIL
Dialog DLL:      TCM.DLL V1.14.4.0
 
<h2>Project:</h2>
D:\个人\工程训练大赛\省赛\电路控制\调试V1.0\Project\BH-F103.uvprojx
Project File Date:  11/15/2018

<h2>Output:</h2>
Rebuild target 'Target 1'
assembling startup_stm32f10x_hd.s...
compiling core_cm3.c...
compiling system_stm32f10x.c...
compiling misc.c...
compiling stm32f10x_adc.c...
compiling stm32f10x_bkp.c...
compiling stm32f10x_can.c...
compiling stm32f10x_cec.c...
compiling stm32f10x_crc.c...
compiling stm32f10x_dac.c...
compiling stm32f10x_dbgmcu.c...
compiling stm32f10x_dma.c...
compiling stm32f10x_exti.c...
compiling stm32f10x_flash.c...
compiling stm32f10x_fsmc.c...
compiling stm32f10x_gpio.c...
compiling stm32f10x_i2c.c...
compiling stm32f10x_iwdg.c...
compiling stm32f10x_pwr.c...
compiling stm32f10x_rcc.c...
compiling stm32f10x_rtc.c...
compiling stm32f10x_sdio.c...
compiling stm32f10x_spi.c...
compiling stm32f10x_tim.c...
compiling stm32f10x_usart.c...
compiling stm32f10x_wwdg.c...
compiling main.c...
compiling stm32f10x_it.c...
compiling bsp_usart.c...
linking...
Program Size: Code=5424 RO-data=768 RW-data=20 ZI-data=5124  
FromELF: creating hex file...
".\Objects\BH-F103.axf" - 0 Error(s), 0 Warning(s).

<h2>Collection of Component include folders:</h2>
  D:\个人\工程训练大赛\省赛\电路控制\调试V1.0\Project\RTE
  G:\MDK\ARM\PACK\Keil\STM32F1xx_DFP\2.2.0

<h2>Collection of Component Files used:</h2>
</pre>
</body>
</html>
